// Jest Snapshot v1, https://goo.gl/fbAQLP

exports[`Row component render correctly 1`] = `
<tr>
  <td>
    Cell 1
  </td>
  <td>
    Cell 2
  </td>
</tr>
`;

exports[`Row component render correctly with Cell component 1`] = `
<tr>
  <td>
    Cell 1
  </td>
  <td>
    Cell 2
  </td>
</tr>
`;
