// Jest Snapshot v1, https://goo.gl/fbAQLP

exports[`renders correctly 1`] = `
<img
  className="slider-arrow-position bottom-arrow"
  onClick={[MockFunction]}
  src="img/slider-bottom-arrow.png"
/>
`;
