// Jest Snapshot v1, https://goo.gl/fbAQLP

exports[`<Button /> renders correctly 1`] = `
<button
  className="fake-class-name"
  onClick={[MockFunction]}
>
  fake-text
</button>
`;
